mode: set
scout-app/internal/storage/postgres/appconfig_repository.go:14.62,16.2 1 1
scout-app/internal/storage/postgres/appconfig_repository.go:18.84,23.26 3 1
scout-app/internal/storage/postgres/appconfig_repository.go:23.26,25.3 1 1
scout-app/internal/storage/postgres/appconfig_repository.go:26.2,26.19 1 1
scout-app/internal/storage/postgres/appconfig_repository.go:29.81,36.2 2 1
scout-app/internal/storage/postgres/appconfig_repository.go:38.83,40.16 2 1
scout-app/internal/storage/postgres/appconfig_repository.go:40.16,42.3 1 0
scout-app/internal/storage/postgres/appconfig_repository.go:43.2,46.18 3 1
scout-app/internal/storage/postgres/appconfig_repository.go:46.18,48.49 2 1
scout-app/internal/storage/postgres/appconfig_repository.go:48.49,50.4 1 0
scout-app/internal/storage/postgres/appconfig_repository.go:51.3,51.22 1 1
scout-app/internal/storage/postgres/appconfig_repository.go:53.2,53.27 1 1
scout-app/internal/storage/postgres/event_repository.go:16.54,18.2 1 1
scout-app/internal/storage/postgres/event_repository.go:20.77,21.16 1 1
scout-app/internal/storage/postgres/event_repository.go:21.16,23.3 1 1
scout-app/internal/storage/postgres/event_repository.go:24.2,32.12 5 1
scout-app/internal/storage/postgres/event_repository.go:35.89,41.35 3 1
scout-app/internal/storage/postgres/event_repository.go:41.35,43.3 1 1
scout-app/internal/storage/postgres/event_repository.go:44.2,44.15 1 1
scout-app/internal/storage/postgres/event_repository.go:47.77,54.16 2 1
scout-app/internal/storage/postgres/event_repository.go:54.16,56.3 1 1
scout-app/internal/storage/postgres/event_repository.go:57.2,58.16 2 1
scout-app/internal/storage/postgres/event_repository.go:58.16,60.3 1 0
scout-app/internal/storage/postgres/event_repository.go:61.2,61.15 1 1
scout-app/internal/storage/postgres/event_repository.go:61.15,63.3 1 0
scout-app/internal/storage/postgres/event_repository.go:64.2,64.12 1 1
scout-app/internal/storage/postgres/event_repository.go:67.72,69.16 2 1
scout-app/internal/storage/postgres/event_repository.go:69.16,71.3 1 1
scout-app/internal/storage/postgres/event_repository.go:72.2,73.16 2 1
scout-app/internal/storage/postgres/event_repository.go:73.16,75.3 1 0
scout-app/internal/storage/postgres/event_repository.go:76.2,76.15 1 1
scout-app/internal/storage/postgres/event_repository.go:76.15,78.3 1 0
scout-app/internal/storage/postgres/event_repository.go:79.2,79.12 1 1
scout-app/internal/storage/postgres/event_repository.go:82.111,92.16 2 1
scout-app/internal/storage/postgres/event_repository.go:92.16,94.3 1 0
scout-app/internal/storage/postgres/event_repository.go:95.2,98.18 3 1
scout-app/internal/storage/postgres/event_repository.go:98.18,100.125 2 1
scout-app/internal/storage/postgres/event_repository.go:100.125,102.4 1 0
scout-app/internal/storage/postgres/event_repository.go:103.3,103.28 1 1
scout-app/internal/storage/postgres/event_repository.go:105.2,105.26 1 1
scout-app/internal/storage/postgres/event_repository.go:108.107,118.16 2 1
scout-app/internal/storage/postgres/event_repository.go:118.16,120.3 1 0
scout-app/internal/storage/postgres/event_repository.go:121.2,124.18 3 1
scout-app/internal/storage/postgres/event_repository.go:124.18,126.125 2 1
scout-app/internal/storage/postgres/event_repository.go:126.125,128.4 1 0
scout-app/internal/storage/postgres/event_repository.go:129.3,129.28 1 1
scout-app/internal/storage/postgres/event_repository.go:131.2,131.26 1 1
scout-app/internal/storage/postgres/event_repository.go:134.140,145.16 2 1
scout-app/internal/storage/postgres/event_repository.go:145.16,147.3 1 0
scout-app/internal/storage/postgres/event_repository.go:148.2,151.18 3 1
scout-app/internal/storage/postgres/event_repository.go:151.18,153.125 2 1
scout-app/internal/storage/postgres/event_repository.go:153.125,155.4 1 0
scout-app/internal/storage/postgres/event_repository.go:156.3,156.28 1 1
scout-app/internal/storage/postgres/event_repository.go:158.2,158.26 1 1
scout-app/internal/storage/postgres/event_repository.go:161.136,172.16 2 1
scout-app/internal/storage/postgres/event_repository.go:172.16,174.3 1 0
scout-app/internal/storage/postgres/event_repository.go:175.2,178.18 3 1
scout-app/internal/storage/postgres/event_repository.go:178.18,180.125 2 1
scout-app/internal/storage/postgres/event_repository.go:180.125,182.4 1 0
scout-app/internal/storage/postgres/event_repository.go:183.3,183.28 1 1
scout-app/internal/storage/postgres/event_repository.go:185.2,185.26 1 1
scout-app/internal/storage/postgres/event_repository.go:188.95,196.2 2 1
scout-app/internal/storage/postgres/event_repository.go:198.97,205.2 2 1
scout-app/internal/storage/postgres/event_repository.go:207.105,215.16 2 1
scout-app/internal/storage/postgres/event_repository.go:215.16,217.3 1 0
scout-app/internal/storage/postgres/event_repository.go:218.2,221.18 3 1
scout-app/internal/storage/postgres/event_repository.go:221.18,224.95 2 1
scout-app/internal/storage/postgres/event_repository.go:224.95,226.4 1 0
scout-app/internal/storage/postgres/event_repository.go:227.3,227.29 1 1
scout-app/internal/storage/postgres/event_repository.go:229.2,229.27 1 1
scout-app/internal/storage/postgres/event_repository.go:232.117,240.2 2 1
scout-app/internal/storage/postgres/event_repository.go:242.101,249.2 2 1
scout-app/internal/storage/postgres/event_repository.go:251.133,259.2 2 1
scout-app/internal/storage/postgres/event_repository.go:261.113,273.16 2 1
scout-app/internal/storage/postgres/event_repository.go:273.16,275.3 1 0
scout-app/internal/storage/postgres/event_repository.go:276.2,279.18 3 1
scout-app/internal/storage/postgres/event_repository.go:279.18,281.123 2 1
scout-app/internal/storage/postgres/event_repository.go:281.123,283.4 1 0
scout-app/internal/storage/postgres/event_repository.go:284.3,284.31 1 1
scout-app/internal/storage/postgres/event_repository.go:286.2,286.28 1 1
scout-app/internal/storage/postgres/event_repository.go:289.115,298.16 3 1
scout-app/internal/storage/postgres/event_repository.go:298.16,300.3 1 0
scout-app/internal/storage/postgres/event_repository.go:301.2,303.22 3 1
scout-app/internal/storage/postgres/otpcode_repository.go:16.58,18.2 1 1
scout-app/internal/storage/postgres/otpcode_repository.go:20.85,21.18 1 1
scout-app/internal/storage/postgres/otpcode_repository.go:21.18,23.3 1 1
scout-app/internal/storage/postgres/otpcode_repository.go:24.2,29.12 2 1
scout-app/internal/storage/postgres/otpcode_repository.go:32.95,38.35 3 1
scout-app/internal/storage/postgres/otpcode_repository.go:38.35,40.3 1 0
scout-app/internal/storage/postgres/otpcode_repository.go:41.2,41.15 1 1
scout-app/internal/storage/postgres/otpcode_repository.go:44.112,50.16 3 0
scout-app/internal/storage/postgres/otpcode_repository.go:50.16,52.3 1 0
scout-app/internal/storage/postgres/otpcode_repository.go:53.2,53.19 1 0
scout-app/internal/storage/postgres/otpcode_repository.go:56.92,60.16 2 1
scout-app/internal/storage/postgres/otpcode_repository.go:60.16,62.3 1 0
scout-app/internal/storage/postgres/otpcode_repository.go:63.2,64.16 2 1
scout-app/internal/storage/postgres/otpcode_repository.go:64.16,66.3 1 0
scout-app/internal/storage/postgres/otpcode_repository.go:67.2,67.22 1 1
scout-app/internal/storage/postgres/otpcode_repository.go:70.92,75.16 3 0
scout-app/internal/storage/postgres/otpcode_repository.go:75.16,77.3 1 0
scout-app/internal/storage/postgres/otpcode_repository.go:78.2,78.22 1 0
scout-app/internal/storage/postgres/otpcode_repository.go:81.88,87.2 2 0
scout-app/internal/storage/postgres/otpcode_repository.go:89.70,94.2 2 0
scout-app/internal/storage/postgres/parentyouthlink_repository.go:16.74,18.2 1 1
scout-app/internal/storage/postgres/parentyouthlink_repository.go:20.116,21.19 1 1
scout-app/internal/storage/postgres/parentyouthlink_repository.go:21.19,23.3 1 1
scout-app/internal/storage/postgres/parentyouthlink_repository.go:24.2,30.12 3 1
scout-app/internal/storage/postgres/parentyouthlink_repository.go:33.125,39.35 3 1
scout-app/internal/storage/postgres/parentyouthlink_repository.go:39.35,41.3 1 0
scout-app/internal/storage/postgres/parentyouthlink_repository.go:42.2,42.15 1 1
scout-app/internal/storage/postgres/parentyouthlink_repository.go:45.116,50.16 2 0
scout-app/internal/storage/postgres/parentyouthlink_repository.go:50.16,52.3 1 0
scout-app/internal/storage/postgres/parentyouthlink_repository.go:53.2,55.18 3 0
scout-app/internal/storage/postgres/parentyouthlink_repository.go:55.18,57.152 2 0
scout-app/internal/storage/postgres/parentyouthlink_repository.go:57.152,59.4 1 0
scout-app/internal/storage/postgres/parentyouthlink_repository.go:60.3,60.29 1 0
scout-app/internal/storage/postgres/parentyouthlink_repository.go:62.2,62.27 1 0
scout-app/internal/storage/postgres/parentyouthlink_repository.go:65.145,70.16 2 1
scout-app/internal/storage/postgres/parentyouthlink_repository.go:70.16,72.3 1 0
scout-app/internal/storage/postgres/parentyouthlink_repository.go:73.2,76.18 3 1
scout-app/internal/storage/postgres/parentyouthlink_repository.go:76.18,78.152 2 1
scout-app/internal/storage/postgres/parentyouthlink_repository.go:78.152,80.4 1 0
scout-app/internal/storage/postgres/parentyouthlink_repository.go:81.3,81.29 1 1
scout-app/internal/storage/postgres/parentyouthlink_repository.go:83.2,83.27 1 1
scout-app/internal/storage/postgres/parentyouthlink_repository.go:86.143,91.16 2 0
scout-app/internal/storage/postgres/parentyouthlink_repository.go:91.16,93.3 1 0
scout-app/internal/storage/postgres/parentyouthlink_repository.go:94.2,97.18 3 0
scout-app/internal/storage/postgres/parentyouthlink_repository.go:97.18,99.152 2 0
scout-app/internal/storage/postgres/parentyouthlink_repository.go:99.152,101.4 1 0
scout-app/internal/storage/postgres/parentyouthlink_repository.go:102.3,102.29 1 0
scout-app/internal/storage/postgres/parentyouthlink_repository.go:104.2,104.27 1 0
scout-app/internal/storage/postgres/parentyouthlink_repository.go:107.152,112.16 2 1
scout-app/internal/storage/postgres/parentyouthlink_repository.go:112.16,114.3 1 0
scout-app/internal/storage/postgres/parentyouthlink_repository.go:115.2,118.18 3 1
scout-app/internal/storage/postgres/parentyouthlink_repository.go:118.18,120.152 2 1
scout-app/internal/storage/postgres/parentyouthlink_repository.go:120.152,122.4 1 0
scout-app/internal/storage/postgres/parentyouthlink_repository.go:123.3,123.29 1 1
scout-app/internal/storage/postgres/parentyouthlink_repository.go:125.2,125.27 1 1
scout-app/internal/storage/postgres/parentyouthlink_repository.go:128.138,135.2 3 1
scout-app/internal/storage/postgres/postgres.go:10.23,14.2 3 1
scout-app/internal/storage/postgres/postgres.go:28.34,40.2 1 0
scout-app/internal/storage/postgres/postgres.go:42.35,43.13 1 1
scout-app/internal/storage/postgres/postgres.go:43.13,45.3 1 0
scout-app/internal/storage/postgres/postgres.go:46.2,46.11 1 1
scout-app/internal/storage/postgres/postgres.go:49.42,50.16 1 1
scout-app/internal/storage/postgres/postgres.go:50.16,52.3 1 1
scout-app/internal/storage/postgres/postgres.go:53.2,53.37 1 1
scout-app/internal/storage/postgres/profile_repository.go:16.58,18.2 1 1
scout-app/internal/storage/postgres/profile_repository.go:20.46,22.2 1 1
scout-app/internal/storage/postgres/profile_repository.go:24.103,28.2 1 1
scout-app/internal/storage/postgres/profile_repository.go:30.83,31.16 1 1
scout-app/internal/storage/postgres/profile_repository.go:31.16,33.3 1 1
scout-app/internal/storage/postgres/profile_repository.go:34.2,41.12 3 1
scout-app/internal/storage/postgres/profile_repository.go:44.95,49.35 3 1
scout-app/internal/storage/postgres/profile_repository.go:49.35,51.3 1 0
scout-app/internal/storage/postgres/profile_repository.go:52.2,52.15 1 1
scout-app/internal/storage/postgres/profile_repository.go:55.101,60.35 3 1
scout-app/internal/storage/postgres/profile_repository.go:60.35,62.3 1 0
scout-app/internal/storage/postgres/profile_repository.go:63.2,63.15 1 1
scout-app/internal/storage/postgres/profile_repository.go:66.101,67.17 1 1
scout-app/internal/storage/postgres/profile_repository.go:67.17,69.3 1 1
scout-app/internal/storage/postgres/profile_repository.go:70.2,74.35 3 1
scout-app/internal/storage/postgres/profile_repository.go:74.35,76.3 1 0
scout-app/internal/storage/postgres/profile_repository.go:77.2,77.15 1 1
scout-app/internal/storage/postgres/profile_repository.go:80.103,85.35 3 0
scout-app/internal/storage/postgres/profile_repository.go:85.35,87.3 1 0
scout-app/internal/storage/postgres/profile_repository.go:88.2,88.15 1 0
scout-app/internal/storage/postgres/profile_repository.go:91.86,95.16 2 0
scout-app/internal/storage/postgres/profile_repository.go:95.16,97.3 1 0
scout-app/internal/storage/postgres/profile_repository.go:98.2,100.18 3 0
scout-app/internal/storage/postgres/profile_repository.go:100.18,102.44 2 0
scout-app/internal/storage/postgres/profile_repository.go:102.44,104.4 1 0
scout-app/internal/storage/postgres/profile_repository.go:105.3,105.29 1 0
scout-app/internal/storage/postgres/profile_repository.go:107.2,107.27 1 0
scout-app/internal/storage/postgres/profile_repository.go:110.114,114.16 2 1
scout-app/internal/storage/postgres/profile_repository.go:114.16,116.3 1 0
scout-app/internal/storage/postgres/profile_repository.go:117.2,120.18 3 1
scout-app/internal/storage/postgres/profile_repository.go:120.18,122.44 2 1
scout-app/internal/storage/postgres/profile_repository.go:122.44,124.4 1 0
scout-app/internal/storage/postgres/profile_repository.go:125.3,125.29 1 1
scout-app/internal/storage/postgres/profile_repository.go:127.2,127.27 1 1
scout-app/internal/storage/postgres/profile_repository.go:130.83,140.2 3 1
scout-app/internal/storage/postgres/rbac_repository.go:15.52,17.2 1 1
scout-app/internal/storage/postgres/rbac_repository.go:19.81,23.35 2 1
scout-app/internal/storage/postgres/rbac_repository.go:23.35,29.3 1 1
scout-app/internal/storage/postgres/rbac_repository.go:30.2,30.12 1 0
scout-app/internal/storage/postgres/rbac_repository.go:33.93,37.35 2 1
scout-app/internal/storage/postgres/rbac_repository.go:37.35,43.3 1 0
scout-app/internal/storage/postgres/rbac_repository.go:44.2,44.12 1 1
scout-app/internal/storage/postgres/rbac_repository.go:47.100,54.2 2 1
scout-app/internal/storage/postgres/rbac_repository.go:56.102,62.2 2 0
scout-app/internal/storage/postgres/rbac_repository.go:64.104,71.2 2 1
scout-app/internal/storage/postgres/rbac_repository.go:73.97,80.16 2 1
scout-app/internal/storage/postgres/rbac_repository.go:80.16,82.3 1 0
scout-app/internal/storage/postgres/rbac_repository.go:83.2,86.18 3 1
scout-app/internal/storage/postgres/rbac_repository.go:86.18,88.53 2 1
scout-app/internal/storage/postgres/rbac_repository.go:88.53,90.4 1 0
scout-app/internal/storage/postgres/rbac_repository.go:91.3,91.28 1 1
scout-app/internal/storage/postgres/rbac_repository.go:93.2,93.26 1 1
scout-app/internal/storage/postgres/rbac_repository.go:96.109,104.16 2 1
scout-app/internal/storage/postgres/rbac_repository.go:104.16,106.3 1 0
scout-app/internal/storage/postgres/rbac_repository.go:107.2,110.18 3 1
scout-app/internal/storage/postgres/rbac_repository.go:110.18,112.57 2 1
scout-app/internal/storage/postgres/rbac_repository.go:112.57,114.4 1 0
scout-app/internal/storage/postgres/rbac_repository.go:115.3,115.30 1 1
scout-app/internal/storage/postgres/rbac_repository.go:117.2,117.26 1 1
scout-app/internal/storage/postgres/rbac_repository.go:120.94,125.35 3 1
scout-app/internal/storage/postgres/rbac_repository.go:125.35,127.3 1 1
scout-app/internal/storage/postgres/rbac_repository.go:128.2,128.16 1 1
scout-app/internal/storage/postgres/rbac_repository.go:131.82,133.16 2 0
scout-app/internal/storage/postgres/rbac_repository.go:133.16,135.3 1 0
scout-app/internal/storage/postgres/rbac_repository.go:136.2,139.18 3 0
scout-app/internal/storage/postgres/rbac_repository.go:139.18,141.53 2 0
scout-app/internal/storage/postgres/rbac_repository.go:141.53,143.4 1 0
scout-app/internal/storage/postgres/rbac_repository.go:144.3,144.28 1 0
scout-app/internal/storage/postgres/rbac_repository.go:146.2,146.26 1 0
scout-app/internal/storage/postgres/rbac_repository.go:149.97,156.16 2 0
scout-app/internal/storage/postgres/rbac_repository.go:156.16,158.3 1 0
scout-app/internal/storage/postgres/rbac_repository.go:159.2,162.18 3 0
scout-app/internal/storage/postgres/rbac_repository.go:162.18,164.44 2 0
scout-app/internal/storage/postgres/rbac_repository.go:164.44,166.4 1 0
scout-app/internal/storage/postgres/rbac_repository.go:167.3,167.36 1 0
scout-app/internal/storage/postgres/rbac_repository.go:169.2,169.28 1 0
scout-app/internal/storage/postgres/rbac_repository.go:172.105,180.16 2 0
scout-app/internal/storage/postgres/rbac_repository.go:180.16,182.3 1 0
scout-app/internal/storage/postgres/rbac_repository.go:183.2,186.18 3 0
scout-app/internal/storage/postgres/rbac_repository.go:186.18,188.44 2 0
scout-app/internal/storage/postgres/rbac_repository.go:188.44,190.4 1 0
scout-app/internal/storage/postgres/rbac_repository.go:191.3,191.36 1 0
scout-app/internal/storage/postgres/rbac_repository.go:193.2,193.28 1 0
scout-app/internal/storage/postgres/rbac_repository.go:196.94,198.16 2 0
scout-app/internal/storage/postgres/rbac_repository.go:198.16,200.3 1 0
scout-app/internal/storage/postgres/rbac_repository.go:201.2,204.18 3 0
scout-app/internal/storage/postgres/rbac_repository.go:204.18,206.57 2 0
scout-app/internal/storage/postgres/rbac_repository.go:206.57,208.4 1 0
scout-app/internal/storage/postgres/rbac_repository.go:209.3,209.30 1 0
scout-app/internal/storage/postgres/rbac_repository.go:211.2,211.26 1 0
scout-app/internal/storage/postgres/rbac_repository.go:214.109,222.16 2 0
scout-app/internal/storage/postgres/rbac_repository.go:222.16,224.3 1 0
scout-app/internal/storage/postgres/rbac_repository.go:225.2,228.18 3 0
scout-app/internal/storage/postgres/rbac_repository.go:228.18,230.57 2 0
scout-app/internal/storage/postgres/rbac_repository.go:230.57,232.4 1 0
scout-app/internal/storage/postgres/rbac_repository.go:233.3,233.30 1 0
scout-app/internal/storage/postgres/rbac_repository.go:235.2,235.26 1 0
scout-app/internal/storage/postgres/rbac_repository.go:238.105,240.16 2 0
scout-app/internal/storage/postgres/rbac_repository.go:240.16,242.3 1 0
scout-app/internal/storage/postgres/rbac_repository.go:243.2,247.16 2 0
scout-app/internal/storage/postgres/rbac_repository.go:247.16,249.3 1 0
scout-app/internal/storage/postgres/rbac_repository.go:251.2,251.33 1 0
scout-app/internal/storage/postgres/rbac_repository.go:251.33,256.17 1 0
scout-app/internal/storage/postgres/rbac_repository.go:256.17,258.4 1 0
scout-app/internal/storage/postgres/rbac_repository.go:261.2,261.20 1 0
scout-app/internal/storage/postgres/scoutbooksession_repository.go:15.76,17.2 1 1
scout-app/internal/storage/postgres/scoutbooksession_repository.go:19.101,20.16 1 1
scout-app/internal/storage/postgres/scoutbooksession_repository.go:20.16,22.3 1 1
scout-app/internal/storage/postgres/scoutbooksession_repository.go:23.2,28.12 2 1
scout-app/internal/storage/postgres/scoutbooksession_repository.go:31.104,38.35 3 1
scout-app/internal/storage/postgres/scoutbooksession_repository.go:38.35,40.3 1 1
scout-app/internal/storage/postgres/scoutbooksession_repository.go:41.2,41.15 1 1
scout-app/internal/storage/postgres/user_repository.go:15.52,17.2 1 1
scout-app/internal/storage/postgres/user_repository.go:19.74,20.16 1 1
scout-app/internal/storage/postgres/user_repository.go:20.16,22.3 1 1
scout-app/internal/storage/postgres/user_repository.go:23.2,28.12 3 1
scout-app/internal/storage/postgres/user_repository.go:31.86,36.35 3 1
scout-app/internal/storage/postgres/user_repository.go:36.35,38.3 1 1
scout-app/internal/storage/postgres/user_repository.go:39.2,39.15 1 1
scout-app/internal/storage/postgres/user_repository.go:42.92,50.35 3 1
scout-app/internal/storage/postgres/user_repository.go:50.35,52.3 1 1
scout-app/internal/storage/postgres/user_repository.go:53.2,53.15 1 1
